// Jest Snapshot v1, https://goo.gl/fbAQLP

exports[`VoltageV3Pool gas tests fee is off #burn above current price burn entire position after some time passes 1`] = `94995`;

exports[`VoltageV3Pool gas tests fee is off #burn above current price burn when only position using ticks 1`] = `94995`;

exports[`VoltageV3Pool gas tests fee is off #burn above current price entire position burn but other positions are using the ticks 1`] = `94277`;

exports[`VoltageV3Pool gas tests fee is off #burn above current price partial position burn 1`] = `99077`;

exports[`VoltageV3Pool gas tests fee is off #burn around current price burn entire position after some time passes 1`] = `114312`;

exports[`VoltageV3Pool gas tests fee is off #burn around current price burn when only position using ticks 1`] = `107051`;

exports[`VoltageV3Pool gas tests fee is off #burn around current price entire position burn but other positions are using the ticks 1`] = `98947`;

exports[`VoltageV3Pool gas tests fee is off #burn around current price partial position burn 1`] = `103747`;

exports[`VoltageV3Pool gas tests fee is off #burn below current price burn entire position after some time passes 1`] = `104477`;

exports[`VoltageV3Pool gas tests fee is off #burn below current price burn when only position using ticks 1`] = `104477`;

exports[`VoltageV3Pool gas tests fee is off #burn below current price entire position burn but other positions are using the ticks 1`] = `94930`;

exports[`VoltageV3Pool gas tests fee is off #burn below current price partial position burn 1`] = `99730`;

exports[`VoltageV3Pool gas tests fee is off #collect close to worst case 1`] = `45712`;

exports[`VoltageV3Pool gas tests fee is off #increaseObservationCardinalityNext grow by 1 slot 1`] = `53046`;

exports[`VoltageV3Pool gas tests fee is off #increaseObservationCardinalityNext no op 1`] = `26628`;

exports[`VoltageV3Pool gas tests fee is off #mint above current price add to position after some time passes 1`] = `110355`;

exports[`VoltageV3Pool gas tests fee is off #mint above current price add to position existing 1`] = `110355`;

exports[`VoltageV3Pool gas tests fee is off #mint above current price new position mint first in range 1`] = `229017`;

exports[`VoltageV3Pool gas tests fee is off #mint above current price second position in same range 1`] = `127455`;

exports[`VoltageV3Pool gas tests fee is off #mint around current price add to position after some time passes 1`] = `148284`;

exports[`VoltageV3Pool gas tests fee is off #mint around current price add to position existing 1`] = `139207`;

exports[`VoltageV3Pool gas tests fee is off #mint around current price new position mint first in range 1`] = `329372`;

exports[`VoltageV3Pool gas tests fee is off #mint around current price second position in same range 1`] = `156307`;

exports[`VoltageV3Pool gas tests fee is off #mint below current price add to position after some time passes 1`] = `110959`;

exports[`VoltageV3Pool gas tests fee is off #mint below current price add to position existing 1`] = `110959`;

exports[`VoltageV3Pool gas tests fee is off #mint below current price new position mint first in range 1`] = `310673`;

exports[`VoltageV3Pool gas tests fee is off #mint below current price second position in same range 1`] = `128059`;

exports[`VoltageV3Pool gas tests fee is off #poke best case 1`] = `53866`;

exports[`VoltageV3Pool gas tests fee is off #snapshotCumulativesInside tick above 1`] = `31522`;

exports[`VoltageV3Pool gas tests fee is off #snapshotCumulativesInside tick below 1`] = `31484`;

exports[`VoltageV3Pool gas tests fee is off #snapshotCumulativesInside tick inside 1`] = `38860`;

exports[`VoltageV3Pool gas tests fee is off #swapExact0For1 first swap in block moves tick, no initialized crossings 1`] = `123480`;

exports[`VoltageV3Pool gas tests fee is off #swapExact0For1 first swap in block with no tick movement 1`] = `108112`;

exports[`VoltageV3Pool gas tests fee is off #swapExact0For1 first swap in block, large swap crossing a single initialized tick 1`] = `151480`;

exports[`VoltageV3Pool gas tests fee is off #swapExact0For1 first swap in block, large swap crossing several initialized ticks 1`] = `212582`;

exports[`VoltageV3Pool gas tests fee is off #swapExact0For1 first swap in block, large swap, no initialized crossings 1`] = `137389`;

exports[`VoltageV3Pool gas tests fee is off #swapExact0For1 large swap crossing several initialized ticks after some time passes 1`] = `212582`;

exports[`VoltageV3Pool gas tests fee is off #swapExact0For1 large swap crossing several initialized ticks second time after some time passes 1`] = `231782`;

exports[`VoltageV3Pool gas tests fee is off #swapExact0For1 second swap in block moves tick, no initialized crossings 1`] = `123480`;

exports[`VoltageV3Pool gas tests fee is off #swapExact0For1 second swap in block with no tick movement 1`] = `108212`;

exports[`VoltageV3Pool gas tests fee is off #swapExact0For1 second swap in block, large swap crossing a single initialized tick 1`] = `138457`;

exports[`VoltageV3Pool gas tests fee is off #swapExact0For1 second swap in block, large swap crossing several initialized ticks 1`] = `200531`;

exports[`VoltageV3Pool gas tests fee is on #burn above current price burn entire position after some time passes 1`] = `94995`;

exports[`VoltageV3Pool gas tests fee is on #burn above current price burn when only position using ticks 1`] = `94995`;

exports[`VoltageV3Pool gas tests fee is on #burn above current price entire position burn but other positions are using the ticks 1`] = `94277`;

exports[`VoltageV3Pool gas tests fee is on #burn above current price partial position burn 1`] = `99077`;

exports[`VoltageV3Pool gas tests fee is on #burn around current price burn entire position after some time passes 1`] = `114312`;

exports[`VoltageV3Pool gas tests fee is on #burn around current price burn when only position using ticks 1`] = `107051`;

exports[`VoltageV3Pool gas tests fee is on #burn around current price entire position burn but other positions are using the ticks 1`] = `98947`;

exports[`VoltageV3Pool gas tests fee is on #burn around current price partial position burn 1`] = `103747`;

exports[`VoltageV3Pool gas tests fee is on #burn below current price burn entire position after some time passes 1`] = `104477`;

exports[`VoltageV3Pool gas tests fee is on #burn below current price burn when only position using ticks 1`] = `104477`;

exports[`VoltageV3Pool gas tests fee is on #burn below current price entire position burn but other positions are using the ticks 1`] = `94930`;

exports[`VoltageV3Pool gas tests fee is on #burn below current price partial position burn 1`] = `99730`;

exports[`VoltageV3Pool gas tests fee is on #collect close to worst case 1`] = `45712`;

exports[`VoltageV3Pool gas tests fee is on #increaseObservationCardinalityNext grow by 1 slot 1`] = `53046`;

exports[`VoltageV3Pool gas tests fee is on #increaseObservationCardinalityNext no op 1`] = `26628`;

exports[`VoltageV3Pool gas tests fee is on #mint above current price add to position after some time passes 1`] = `110355`;

exports[`VoltageV3Pool gas tests fee is on #mint above current price add to position existing 1`] = `110355`;

exports[`VoltageV3Pool gas tests fee is on #mint above current price new position mint first in range 1`] = `229017`;

exports[`VoltageV3Pool gas tests fee is on #mint above current price second position in same range 1`] = `127455`;

exports[`VoltageV3Pool gas tests fee is on #mint around current price add to position after some time passes 1`] = `148284`;

exports[`VoltageV3Pool gas tests fee is on #mint around current price add to position existing 1`] = `139207`;

exports[`VoltageV3Pool gas tests fee is on #mint around current price new position mint first in range 1`] = `329372`;

exports[`VoltageV3Pool gas tests fee is on #mint around current price second position in same range 1`] = `156307`;

exports[`VoltageV3Pool gas tests fee is on #mint below current price add to position after some time passes 1`] = `110959`;

exports[`VoltageV3Pool gas tests fee is on #mint below current price add to position existing 1`] = `110959`;

exports[`VoltageV3Pool gas tests fee is on #mint below current price new position mint first in range 1`] = `310673`;

exports[`VoltageV3Pool gas tests fee is on #mint below current price second position in same range 1`] = `128059`;

exports[`VoltageV3Pool gas tests fee is on #poke best case 1`] = `53866`;

exports[`VoltageV3Pool gas tests fee is on #snapshotCumulativesInside tick above 1`] = `31522`;

exports[`VoltageV3Pool gas tests fee is on #snapshotCumulativesInside tick below 1`] = `31484`;

exports[`VoltageV3Pool gas tests fee is on #snapshotCumulativesInside tick inside 1`] = `38860`;

exports[`VoltageV3Pool gas tests fee is on #swapExact0For1 first swap in block moves tick, no initialized crossings 1`] = `129098`;

exports[`VoltageV3Pool gas tests fee is on #swapExact0For1 first swap in block with no tick movement 1`] = `113454`;

exports[`VoltageV3Pool gas tests fee is on #swapExact0For1 first swap in block, large swap crossing a single initialized tick 1`] = `157374`;

exports[`VoltageV3Pool gas tests fee is on #swapExact0For1 first swap in block, large swap crossing several initialized ticks 1`] = `219304`;

exports[`VoltageV3Pool gas tests fee is on #swapExact0For1 first swap in block, large swap, no initialized crossings 1`] = `143559`;

exports[`VoltageV3Pool gas tests fee is on #swapExact0For1 large swap crossing several initialized ticks after some time passes 1`] = `219304`;

exports[`VoltageV3Pool gas tests fee is on #swapExact0For1 large swap crossing several initialized ticks second time after some time passes 1`] = `238504`;

exports[`VoltageV3Pool gas tests fee is on #swapExact0For1 second swap in block moves tick, no initialized crossings 1`] = `129098`;

exports[`VoltageV3Pool gas tests fee is on #swapExact0For1 second swap in block with no tick movement 1`] = `113554`;

exports[`VoltageV3Pool gas tests fee is on #swapExact0For1 second swap in block, large swap crossing a single initialized tick 1`] = `144075`;

exports[`VoltageV3Pool gas tests fee is on #swapExact0For1 second swap in block, large swap crossing several initialized ticks 1`] = `206977`;
